// Jest Snapshot v1, https://goo.gl/fbAQLP

exports[`App Component matches snapshot 1`] = `
<div>
  <nav>
    <div
      class="logo-container"
    />
    <div
      class="nav-links"
    >
      <ul
        class="nav-link-list"
      >
        <li>
          Home
        </li>
        <li>
          Chi sonno
        </li>
        <li>
          Contattami
        </li>
      </ul>
    </div>
    <div
      class="user-buttons"
    >
      <ul
        class="nav-link-list"
      >
        <ul
          class="nav-link-list"
        >
          <li>
            <button
              class="vp-button vp-button--secondary"
            >
              Sign Up
            </button>
          </li>
          <li>
            <button
              class="vp-button vp-button--primary"
            >
              Sign In
            </button>
          </li>
        </ul>
      </ul>
    </div>
  </nav>
  <div>
    Hoe wors
    <button
      class="bg-blue-500 text-white p-2 rounded hover:bg-blue-600 transition"
    >
      Fetch Data
    </button>
  </div>
</div>
`;
